// Jest Snapshot v1, https://goo.gl/fbAQLP

exports[`FilterLeads should call filter on mount with the query param values 1`] = `
<login-required-stub disabled="true">
  <div id="leads-container">
    <div class="row">
      <b-form-stub id="lead-filter" class="col-sm-12">
        <b-form-input-stub id="filter-input" value="test" placeholder="Search..." debounce="0" type="text"></b-form-input-stub>
        <div id="advanced-toggle" role="button" tabindex="0" class="collapsed" aria-expanded="false" aria-controls="advanced-filters">
          <b-icon-chevron-right-stub fontscale="1" scale="1" rotate="0" shifth="0" shiftv="0" class="when-closed"></b-icon-chevron-right-stub>
          <b-icon-chevron-down-stub fontscale="1" scale="1" rotate="0" shifth="0" shiftv="0" class="when-open"></b-icon-chevron-down-stub> <span>Advanced Filters</span>
        </div>
        <b-collapse-stub id="advanced-filters" tag="div">
          <b-form-group-stub label="Discovered On or After:" labelfor="from-date" labelcolssm="3" labelalign="right" feedbackarialive="assertive">
            <b-form-datepicker-stub id="from-date" value="2020-1-20" startweekday="0" buttonvariant="secondary" calendarwidth="270px" selectedvariant="primary" labeltodaybutton="Select today" todaybuttonvariant="outline-primary" labelresetbutton="Reset" resetbuttonvariant="outline-danger" labelclosebutton="Close" closebuttonvariant="outline-secondary" labelprevdecade="Previous decade" labelprevyear="Previous year" labelprevmonth="Previous month" labelcurrentmonth="Current month" labelnextmonth="Next month" labelnextyear="Next year" labelnextdecade="Next decade" labeltoday="Today" labelselected="Selected date" labelnodateselected="No date selected" labelcalendar="Calendar" labelnav="Calendar navigation" labelhelp="Use cursor keys to navigate calendar dates" dateformatoptions="[object Object]" weekdayheaderformat="short" offset="0" boundary="scrollParent"></b-form-datepicker-stub>
          </b-form-group-stub>
          <b-form-group-stub label="Discovered On or Before:" labelfor="to-date" labelcolssm="3" labelalign="right" feedbackarialive="assertive">
            <b-form-datepicker-stub id="to-date" startweekday="0" buttonvariant="secondary" calendarwidth="270px" selectedvariant="primary" labeltodaybutton="Select today" todaybuttonvariant="outline-primary" labelresetbutton="Reset" resetbuttonvariant="outline-danger" labelclosebutton="Close" closebuttonvariant="outline-secondary" labelprevdecade="Previous decade" labelprevyear="Previous year" labelprevmonth="Previous month" labelcurrentmonth="Current month" labelnextmonth="Next month" labelnextyear="Next year" labelnextdecade="Next decade" labeltoday="Today" labelselected="Selected date" labelnodateselected="No date selected" labelcalendar="Calendar" labelnav="Calendar navigation" labelhelp="Use cursor keys to navigate calendar dates" dateformatoptions="[object Object]" weekdayheaderformat="short" offset="0" boundary="scrollParent"></b-form-datepicker-stub>
          </b-form-group-stub>
          <b-form-group-stub label="Included Sources:" labelcolssm="3" labelalign="right" feedbackarialive="assertive">
            <div class="row ml-1">
              <div class="col-sm-4">
                <b-form-checkbox-stub value="true" checked="true">Federal</b-form-checkbox-stub>
                <b-form-select-stub options="[object Object],Federal Agency - Executive,Federal Agency - Judicial,Federal Agency - Legislative" valuefield="value" textfield="text" htmlfield="html" disabledfield="disabled" labelfield="label" optionsfield="options" selectsize="0"></b-form-select-stub>
              </div>
              <div class="col-sm-4">
                <b-form-checkbox-stub value="true" checked="true">State / Regional</b-form-checkbox-stub>
                <b-form-select-stub options="[object Object],State/Local Govt,Interstate Agency,Native Sovereign Nation" valuefield="value" textfield="text" htmlfield="html" disabledfield="disabled" labelfield="label" optionsfield="options" selectsize="0"></b-form-select-stub>
              </div>
              <div class="col-sm-4">
                <b-form-checkbox-stub value="true" checked="true">Local</b-form-checkbox-stub>
                <b-form-select-stub options="[object Object],City,County" valuefield="value" textfield="text" htmlfield="html" disabledfield="disabled" labelfield="label" optionsfield="options" selectsize="0"></b-form-select-stub>
              </div>
            </div>
          </b-form-group-stub>
        </b-collapse-stub>
        <b-button-group-stub tag="div" ariarole="group" id="submit-group" class="float-right">
          <b-button-stub target="_self" to="/db" event="click" routertag="a" variant="secondary" type="button" tag="button">Reset</b-button-stub>
          <b-button-stub target="_self" to="[object Object]" event="click" routertag="a" variant="primary" type="submit" tag="button" id="submit-search">Search</b-button-stub>
        </b-button-group-stub>
      </b-form-stub>
    </div>
    <div id="leads" infinite-scroll-disabled="disable_loading" infinite-scroll-distance="10" class="row justify-content-center">
      <lead-stub id="1420" headerlink="true"></lead-stub>
    </div>
    <!---->
  </div>
</login-required-stub>
`;
